// Jest Snapshot v1, https://goo.gl/fbAQLP

exports[`test en <DashboardRoutes/> debe de mostrarse correctamente 1`] = `
Array [
  <nav
    className="navbar navbar-expand-lg navbar-dark bg-dark"
  >
    <div
      className="container-fluid"
    >
      <ul
        className="navbar-nav"
      >
        <a
          className="navbar-brand"
          href="/"
          onClick={[Function]}
        >
          HeroesApp
        </a>
        <li
          className="nav-item"
        >
          <a
            className="nav-link"
            href="/marvel"
            onClick={[Function]}
          >
            Marvel
          </a>
        </li>
        <li
          className="nav-item"
        >
          <a
            className="nav-link"
            href="/dc"
            onClick={[Function]}
          >
            DC
          </a>
        </li>
        <li
          className="nav-item"
        >
          <a
            className="nav-link"
            href="/search"
            onClick={[Function]}
          >
            Search
          </a>
        </li>
      </ul>
      <ul
        className="navbar-nav"
      >
        <li
          className="nav-item nav-link text-info"
        >
          riskezwn
        </li>
        <li
          className="nav-item"
        >
          <button
            className="nav-link btn"
            onClick={[Function]}
            to="/login"
          >
            Logout
          </button>
        </li>
      </ul>
    </div>
  </nav>,
  <div
    className="container mt-3"
  >
    <div>
      <h1>
        Marvel Comics
      </h1>
      <hr />
      <div
        className="row animate__animated animate__fadeIn"
      >
        <div
          className="card col-md-4 p-0 g-3"
          style={
            Object {
              "maxWidth": 540,
            }
          }
        >
          <div
            className="row g-0"
          >
            <div
              className="col-md-4"
            >
              <img
                alt="Spider Man"
                className="card-img-top"
                src="./assets/heroes/marvel-spider.jpg"
              />
            </div>
            <div
              className="col-md-8"
            >
              <div
                className="card-body"
              >
                <h5
                  className="card-title"
                >
                  Spider Man
                </h5>
                <p
                  className="card-text"
                >
                  Peter Parker
                </p>
                <p
                  className="card-text"
                >
                  <small
                    className="text-muted"
                  >
                    Marvel Comics
                  </small>
                </p>
                <a
                  href="/hero/marvel-spider"
                  onClick={[Function]}
                >
                  More...
                </a>
              </div>
            </div>
          </div>
        </div>
        <div
          className="card col-md-4 p-0 g-3"
          style={
            Object {
              "maxWidth": 540,
            }
          }
        >
          <div
            className="row g-0"
          >
            <div
              className="col-md-4"
            >
              <img
                alt="Captain America"
                className="card-img-top"
                src="./assets/heroes/marvel-captain.jpg"
              />
            </div>
            <div
              className="col-md-8"
            >
              <div
                className="card-body"
              >
                <h5
                  className="card-title"
                >
                  Captain America
                </h5>
                <p
                  className="card-text"
                >
                  Steve Rogers
                </p>
                <p
                  className="card-text"
                >
                  <small
                    className="text-muted"
                  >
                    Marvel Comics
                  </small>
                </p>
                <a
                  href="/hero/marvel-captain"
                  onClick={[Function]}
                >
                  More...
                </a>
              </div>
            </div>
          </div>
        </div>
        <div
          className="card col-md-4 p-0 g-3"
          style={
            Object {
              "maxWidth": 540,
            }
          }
        >
          <div
            className="row g-0"
          >
            <div
              className="col-md-4"
            >
              <img
                alt="Iron Man"
                className="card-img-top"
                src="./assets/heroes/marvel-iron.jpg"
              />
            </div>
            <div
              className="col-md-8"
            >
              <div
                className="card-body"
              >
                <h5
                  className="card-title"
                >
                  Iron Man
                </h5>
                <p
                  className="card-text"
                >
                  Tony Stark
                </p>
                <p
                  className="card-text"
                >
                  <small
                    className="text-muted"
                  >
                    Marvel Comics
                  </small>
                </p>
                <a
                  href="/hero/marvel-iron"
                  onClick={[Function]}
                >
                  More...
                </a>
              </div>
            </div>
          </div>
        </div>
        <div
          className="card col-md-4 p-0 g-3"
          style={
            Object {
              "maxWidth": 540,
            }
          }
        >
          <div
            className="row g-0"
          >
            <div
              className="col-md-4"
            >
              <img
                alt="Thor"
                className="card-img-top"
                src="./assets/heroes/marvel-thor.jpg"
              />
            </div>
            <div
              className="col-md-8"
            >
              <div
                className="card-body"
              >
                <h5
                  className="card-title"
                >
                  Thor
                </h5>
                <p
                  className="card-text"
                >
                  Thor Odinson
                </p>
                <p
                  className="card-text"
                >
                  <small
                    className="text-muted"
                  >
                    Marvel Comics
                  </small>
                </p>
                <a
                  href="/hero/marvel-thor"
                  onClick={[Function]}
                >
                  More...
                </a>
              </div>
            </div>
          </div>
        </div>
        <div
          className="card col-md-4 p-0 g-3"
          style={
            Object {
              "maxWidth": 540,
            }
          }
        >
          <div
            className="row g-0"
          >
            <div
              className="col-md-4"
            >
              <img
                alt="Hulk"
                className="card-img-top"
                src="./assets/heroes/marvel-hulk.jpg"
              />
            </div>
            <div
              className="col-md-8"
            >
              <div
                className="card-body"
              >
                <h5
                  className="card-title"
                >
                  Hulk
                </h5>
                <p
                  className="card-text"
                >
                  Bruce Banner
                </p>
                <p
                  className="card-text"
                >
                  <small
                    className="text-muted"
                  >
                    Marvel Comics
                  </small>
                </p>
                <a
                  href="/hero/marvel-hulk"
                  onClick={[Function]}
                >
                  More...
                </a>
              </div>
            </div>
          </div>
        </div>
        <div
          className="card col-md-4 p-0 g-3"
          style={
            Object {
              "maxWidth": 540,
            }
          }
        >
          <div
            className="row g-0"
          >
            <div
              className="col-md-4"
            >
              <img
                alt="Wolverine"
                className="card-img-top"
                src="./assets/heroes/marvel-wolverine.jpg"
              />
            </div>
            <div
              className="col-md-8"
            >
              <div
                className="card-body"
              >
                <h5
                  className="card-title"
                >
                  Wolverine
                </h5>
                <p
                  className="card-text"
                >
                  James Howlett
                </p>
                <p
                  className="card-text"
                >
                  <small
                    className="text-muted"
                  >
                    Marvel Comics
                  </small>
                </p>
                <a
                  href="/hero/marvel-wolverine"
                  onClick={[Function]}
                >
                  More...
                </a>
              </div>
            </div>
          </div>
        </div>
        <div
          className="card col-md-4 p-0 g-3"
          style={
            Object {
              "maxWidth": 540,
            }
          }
        >
          <div
            className="row g-0"
          >
            <div
              className="col-md-4"
            >
              <img
                alt="Daredevil"
                className="card-img-top"
                src="./assets/heroes/marvel-daredevil.jpg"
              />
            </div>
            <div
              className="col-md-8"
            >
              <div
                className="card-body"
              >
                <h5
                  className="card-title"
                >
                  Daredevil
                </h5>
                <p
                  className="card-text"
                >
                  Matthew Michael Murdock
                </p>
                <p
                  className="card-text"
                >
                  <small
                    className="text-muted"
                  >
                    Marvel Comics
                  </small>
                </p>
                <a
                  href="/hero/marvel-daredevil"
                  onClick={[Function]}
                >
                  More...
                </a>
              </div>
            </div>
          </div>
        </div>
        <div
          className="card col-md-4 p-0 g-3"
          style={
            Object {
              "maxWidth": 540,
            }
          }
        >
          <div
            className="row g-0"
          >
            <div
              className="col-md-4"
            >
              <img
                alt="Hawkeye"
                className="card-img-top"
                src="./assets/heroes/marvel-hawkeye.jpg"
              />
            </div>
            <div
              className="col-md-8"
            >
              <div
                className="card-body"
              >
                <h5
                  className="card-title"
                >
                  Hawkeye
                </h5>
                <p
                  className="card-text"
                >
                  Clinton Francis Barton
                </p>
                <p
                  className="card-text"
                >
                  <small
                    className="text-muted"
                  >
                    Marvel Comics
                  </small>
                </p>
                <a
                  href="/hero/marvel-hawkeye"
                  onClick={[Function]}
                >
                  More...
                </a>
              </div>
            </div>
          </div>
        </div>
        <div
          className="card col-md-4 p-0 g-3"
          style={
            Object {
              "maxWidth": 540,
            }
          }
        >
          <div
            className="row g-0"
          >
            <div
              className="col-md-4"
            >
              <img
                alt="Cyclops"
                className="card-img-top"
                src="./assets/heroes/marvel-cyclops.jpg"
              />
            </div>
            <div
              className="col-md-8"
            >
              <div
                className="card-body"
              >
                <h5
                  className="card-title"
                >
                  Cyclops
                </h5>
                <p
                  className="card-text"
                >
                  Scott Summers
                </p>
                <p
                  className="card-text"
                >
                  <small
                    className="text-muted"
                  >
                    Marvel Comics
                  </small>
                </p>
                <a
                  href="/hero/marvel-cyclops"
                  onClick={[Function]}
                >
                  More...
                </a>
              </div>
            </div>
          </div>
        </div>
        <div
          className="card col-md-4 p-0 g-3"
          style={
            Object {
              "maxWidth": 540,
            }
          }
        >
          <div
            className="row g-0"
          >
            <div
              className="col-md-4"
            >
              <img
                alt="Silver Surfer"
                className="card-img-top"
                src="./assets/heroes/marvel-silver.jpg"
              />
            </div>
            <div
              className="col-md-8"
            >
              <div
                className="card-body"
              >
                <h5
                  className="card-title"
                >
                  Silver Surfer
                </h5>
                <p
                  className="card-text"
                >
                  Norrin Radd
                </p>
                <p
                  className="card-text"
                >
                  <small
                    className="text-muted"
                  >
                    Marvel Comics
                  </small>
                </p>
                <a
                  href="/hero/marvel-silver"
                  onClick={[Function]}
                >
                  More...
                </a>
              </div>
            </div>
          </div>
        </div>
      </div>
    </div>
  </div>,
]
`;
